🧪 Тестирование логики распределения целей поровну

✅ Все нулевые (2 актива)
✅ Все нулевые (3 актива)
✅ Есть ненулевые и нулевые (SBER 50%, остальные 0)
✅ Все ненулевые (без изменений)
✅ Сумма >= 100% (перераспределение)
✅ Один нулевой актив
✅ Пустое поле "Цель" (emptyTargetIds)
✅ targetPercent = null (blur очистил поле)
✅ targetPercent = null среди нулевых

✅ Все тесты завершены
